// Jest Snapshot v1, https://goo.gl/fbAQLP

exports[`Pruebas en GifItem Pruebas de snapshot 1`] = `
<div>
  <div
    class="card"
  >
    <img
      alt="Jotaro"
      src="https://jotaro-kujo/jojo.png"
    />
    <p>
      Jotaro
    </p>
  </div>
</div>
`;
