// Jest Snapshot v1, https://goo.gl/fbAQLP

exports[`Pruebas en FirstApp debe hacer match con el snapshot 1`] = `
<div>
  <h1>
    Hola soy Goku
  </h1>
  <p>
    No hay subtitulo
  </p>
  <p>
    Francisco Rangel
  </p>
</div>
`;
